
anush@LAPTOP-2SUHH1LK MINGW64 ~
$ cd C:/GitDemo
bash: cd: C:/GitDemo: No such file or directory

anush@LAPTOP-2SUHH1LK MINGW64 ~
$ cd GitDemo

anush@LAPTOP-2SUHH1LK MINGW64 ~/GitDemo (main)
$ git status
On branch main
Your branch is up to date with 'origin/main'.

nothing to commit, working tree clean

anush@LAPTOP-2SUHH1LK MINGW64 ~/GitDemo (main)
$ ^C

anush@LAPTOP-2SUHH1LK MINGW64 ~/GitDemo (main)
$ echo Test Log > error.log

anush@LAPTOP-2SUHH1LK MINGW64 ~/GitDemo (main)
$ mkdir log

anush@LAPTOP-2SUHH1LK MINGW64 ~/GitDemo (main)
$ echo Sample > log/sample.txt

anush@LAPTOP-2SUHH1LK MINGW64 ~/GitDemo (main)
$ git status
On branch main
Your branch is up to date with 'origin/main'.

Untracked files:
  (use "git add <file>..." to include in what will be committed)
        error.log
        log/

nothing added to commit but untracked files present (use "git add" to track)

anush@LAPTOP-2SUHH1LK MINGW64 ~/GitDemo (main)
$ notepad .gitignore

anush@LAPTOP-2SUHH1LK MINGW64 ~/GitDemo (main)
$ git status
On branch main
Your branch is up to date with 'origin/main'.

Untracked files:
  (use "git add <file>..." to include in what will be committed)
        .gitignore

nothing added to commit but untracked files present (use "git add" to track)

anush@LAPTOP-2SUHH1LK MINGW64 ~/GitDemo (main)
$ git add .gitignore

anush@LAPTOP-2SUHH1LK MINGW64 ~/GitDemo (main)
$ git commit -m "Added gitignore for log files and folders"
[main 45a7ce9] Added gitignore for log files and folders
 1 file changed, 2 insertions(+)
 create mode 100644 .gitignore

anush@LAPTOP-2SUHH1LK MINGW64 ~/GitDemo (main)
$ git push origin main
Enumerating objects: 4, done.
Counting objects: 100% (4/4), done.
Delta compression using up to 4 threads
Compressing objects: 100% (2/2), done.
Writing objects: 100% (3/3), 315 bytes | 315.00 KiB/s, done.
Total 3 (delta 0), reused 0 (delta 0), pack-reused 0 (from 0)
To https://github.com/anushkananaware/GitDemo.git
   5f461e6..45a7ce9  main -> main

anush@LAPTOP-2SUHH1LK MINGW64 ~/GitDemo (main)
$ ls
error.log  log/  welcome.txt

anush@LAPTOP-2SUHH1LK MINGW64 ~/GitDemo (main)
$ git status
On branch main
Your branch is up to date with 'origin/main'.

nothing to commit, working tree clean

anush@LAPTOP-2SUHH1LK MINGW64 ~/GitDemo (main)
$ ^C

anush@LAPTOP-2SUHH1LK MINGW64 ~/GitDemo (main)
$
